
> senzalucesafaris@0.1.0 build
> next build

Warning: Custom Cache-Control headers detected for the following routes:
  - /_next/static/(.*)
  - /_next/image

Setting a custom Cache-Control header can break Next.js development behavior.
▲ Next.js 16.2.4 (Turbopack)
- Environments: .env
- Experiments (use with caution):
  ✓ optimizeCss
  · optimizePackageImports
  ✓ webpackBuildWorker

  Creating an optimized production build ...
✓ Compiled successfully in 53s
  Running TypeScript ...
Terminate batch job (Y/N)? Terminate batch job (Y/N)? Terminate batch job (Y/N)? 